// Jest Snapshot v1, https://goo.gl/fbAQLP

exports[`<Header /> should render the heading 1`] = `
.c0 {
  height: 8rem;
  border-bottom: 1px solid #29292e;
}

.c1 {
  max-width: 112rem;
  height: 8rem;
  margin: 0 auto;
  padding: 0 3.2rem;
  display: -webkit-box;
  display: -webkit-flex;
  display: -ms-flexbox;
  display: flex;
  -webkit-align-items: center;
  -webkit-box-align: center;
  -ms-flex-align: center;
  align-items: center;
}

.c1 button {
  margin-left: auto;
}

.c2 {
  margin-left: 8rem;
  height: 8rem;
}

<header
  class="c0"
>
  <div
    class="c1"
  >
    <img
      alt="ig.news"
      class=""
      src="/images/logo.svg"
    />
    <nav
      class="c2"
    >
      <div
        data-testid="Mock ActiveLink"
      />
      <div
        data-testid="Mock ActiveLink"
      />
    </nav>
    <div
      data-testid="Mock SignInButton"
    />
  </div>
</header>
`;
